---
source: src/tests.rs
assertion_line: 64
expression: "format!(\"{:?}\", report)"

---
[31mUnable to talk to daemon[0m
[2mCaused by:[0m
    [33mConnection refused (os error 61)[0m
